// Jest Snapshot v1, https://goo.gl/fbAQLP

exports[`SelectedFilter view component test case generate snapshot testing 1`] = `
"<section class=\\"row\\">
  <div class=\\"heading-icon\\"><i class=\\"fal fa-ballot-check\\"></i>
    <h3>Selected Filter</h3>
  </div> <button class=\\"gender\\">Male<span class=\\"close-thik\\"></span></button>
</section>"
`;
